// Jest Snapshot v1, https://goo.gl/fbAQLP

exports[`a pagina inicial deve ser renderizado corretamente 1`] = `
<div>
  <form>
    <input
      placeholder="insira os nomes dos participantes"
      type="text"
      value=""
    />
    <button
      disabled=""
    >
      Adicionar
    </button>
    
  </form>
  <ul />
  <footer
    class="sc-beySPh bzsOnG"
  >
    <button
      class="sc-guDLey crmuma"
      disabled=""
    >
      Iniciar Brincadeira
    </button>
    <img
      alt="Sacolas de compras"
      src="/assets/sacolas.png"
    />
  </footer>
</div>
`;
